>>> add_integer = __import__('0-add_integer').add_integer
>>> add_integer(1)
99
>>> add_integer(2, 3)
5
>>> add_integer(50, '3')
Traceback (most recent call last):
TypeError: b must be an integer
>>> add_integer([1, 2])
Traceback (most recent call last):
TypeError: a must be an integer
>>> add_integer(23.5, 1)
24
>>> add_integer(None)
Traceback (most recent call last):
TypeError: a must be an integer
>>> add_integer(float('inf'))
Traceback (most recent call last):
OverflowError: cannot convert float infinity to integer
>>> add_integer(5, float('inf'))
Traceback (most recent call last):
OverflowError: cannot convert float infinity to integer
>>> add_integer(float('nan'))
Traceback (most recent call last):

